Archive member included to satisfy reference by file (symbol)

arch/arm/lib/lib.a(ashldi3.o)
                              drivers/mmc/built-in.o (__aeabi_llsl)
arch/arm/lib/lib.a(lib1funcs.o)
                              arch/arm/mach-zynq/built-in.o (__aeabi_uidiv)
arch/arm/lib/lib.a(lshrdi3.o)
                              lib/built-in.o (__aeabi_llsr)
arch/arm/lib/lib.a(div0.o)    arch/arm/lib/lib.a(lib1funcs.o) (__div0)

Discarded input sections

 .data          0x0000000000000000        0x0 arch/arm/cpu/armv7/start.o
 .bss           0x0000000000000000        0x0 arch/arm/cpu/armv7/start.o
 .text.v7_outer_cache_inval_range
                0x0000000000000000        0x4 arch/arm/cpu/armv7/built-in.o
 .text.invalidate_dcache_range
                0x0000000000000000       0x64 arch/arm/cpu/armv7/built-in.o
 .text.v7_arch_cp15_set_l2aux_ctrl
                0x0000000000000000        0x8 arch/arm/cpu/armv7/built-in.o
 .text.v7_arch_cp15_set_acr
                0x0000000000000000        0x8 arch/arm/cpu/armv7/built-in.o
 .text.sdelay   0x0000000000000000        0xc arch/arm/cpu/armv7/built-in.o
 .text.wait_on_value
                0x0000000000000000       0x38 arch/arm/cpu/armv7/built-in.o
 .data          0x0000000000000000        0x0 arch/arm/cpu/armv7/built-in.o
 .bss           0x0000000000000000        0x0 arch/arm/cpu/armv7/built-in.o
 .text.setup_board_tags
                0x0000000000000000        0x4 arch/arm/lib/built-in.o
 .text.armv7_boot_nonsec_default
                0x0000000000000000        0x8 arch/arm/lib/built-in.o
 .text.enable_caches
                0x0000000000000000        0xc arch/arm/lib/built-in.o
 .text.invalidate_dcache_range
                0x0000000000000000        0x4 arch/arm/lib/built-in.o
 .text.flush_dcache_range
                0x0000000000000000        0x4 arch/arm/lib/built-in.o
 .text.flush_dcache_all
                0x0000000000000000        0xc arch/arm/lib/built-in.o
 .text.arm_init_before_mmu
                0x0000000000000000        0x4 arch/arm/lib/built-in.o
 .text.mmu_page_table_flush
                0x0000000000000000        0x4 arch/arm/lib/built-in.o
 .text.fdt_psci
                0x0000000000000000        0x8 arch/arm/lib/built-in.o
 .rodata.enable_caches.str1.1
                0x0000000000000000       0x1d arch/arm/lib/built-in.o
 .data          0x0000000000000000        0x0 arch/arm/lib/built-in.o
 .__secure_end  0x0000000000000000        0x0 arch/arm/lib/built-in.o
 .__secure_stack_end
                0x0000000000000000        0x0 arch/arm/lib/built-in.o
 .__secure_stack_start
                0x0000000000000000        0x0 arch/arm/lib/built-in.o
 .__secure_start
                0x0000000000000000        0x0 arch/arm/lib/built-in.o
 .bss           0x0000000000000000        0x0 arch/arm/lib/built-in.o
 .text.zynq_get_silicon_version
                0x0000000000000000       0x18 arch/arm/mach-zynq/built-in.o
 .text.zynq_slcr_get_boot_mode
                0x0000000000000000       0x10 arch/arm/mach-zynq/built-in.o
 .text.zynq_slcr_get_mio_pin_status
                0x0000000000000000       0x94 arch/arm/mach-zynq/built-in.o
 .text.zynq_clk_get_rate
                0x0000000000000000       0x20 arch/arm/mach-zynq/built-in.o
 .text.zynq_clk_get_name
                0x0000000000000000       0x18 arch/arm/mach-zynq/built-in.o
 .rodata.mio_periphs
                0x0000000000000000       0x50 arch/arm/mach-zynq/built-in.o
 .rodata.nand16_pins
                0x0000000000000000       0x20 arch/arm/mach-zynq/built-in.o
 .rodata.nand8_pins
                0x0000000000000000       0x34 arch/arm/mach-zynq/built-in.o
 .rodata.str1.1
                0x0000000000000000       0x17 arch/arm/mach-zynq/built-in.o
 .rodata.usb0_pins
                0x0000000000000000       0x30 arch/arm/mach-zynq/built-in.o
 .rodata.usb1_pins
                0x0000000000000000       0x30 arch/arm/mach-zynq/built-in.o
 .data          0x0000000000000000        0x0 arch/arm/mach-zynq/built-in.o
 .bss           0x0000000000000000        0x0 arch/arm/mach-zynq/built-in.o
 .text          0x0000000000000000        0x0 board/xilinx/zynq/built-in.o
 .text.board_late_init
                0x0000000000000000       0x88 board/xilinx/zynq/built-in.o
 .rodata.board_late_init.str1.1
                0x0000000000000000       0x34 board/xilinx/zynq/built-in.o
 .data          0x0000000000000000        0x0 board/xilinx/zynq/built-in.o
 .bss           0x0000000000000000        0x0 board/xilinx/zynq/built-in.o
 .text          0x0000000000000000        0x0 cmd/built-in.o
 .text.bootz_setup
                0x0000000000000000       0x18 cmd/built-in.o
 .text.invalidate_icache_all
                0x0000000000000000        0xc cmd/built-in.o
 .text.flush_dcache_all
                0x0000000000000000        0xc cmd/built-in.o
 .text.soc_clk_dump
                0x0000000000000000       0x18 cmd/built-in.o
 .rodata.bootz_setup.str1.1
                0x0000000000000000       0x34 cmd/built-in.o
[...]
Memory Configuration

Name             Origin             Length             Attributes
*default*        0x0000000000000000 0xffffffffffffffff

Linker script and memory map

Address of section .text set to 0x400000
                0x0000000000000000                . = 0x0
                0x0000000000000000                . = ALIGN (0x4)

.text           0x0000000000400000    0x3c56c
 *(.__image_copy_start)
 .__image_copy_start
                0x0000000000400000        0x0 arch/arm/lib/built-in.o
                0x0000000000400000                __image_copy_start
 *(.vectors)
 .vectors       0x0000000000400000      0x2e8 arch/arm/lib/built-in.o
                0x0000000000400000                _start
                0x0000000000400020                _undefined_instruction
                0x0000000000400024                _software_interrupt
                0x0000000000400028                _prefetch_abort
                0x000000000040002c                _data_abort
                0x0000000000400030                _not_used
                0x0000000000400034                _irq
                0x0000000000400038                _fiq
                0x0000000000400040                IRQ_STACK_START_IN
 arch/arm/cpu/armv7/start.o(.text*)
 .text          0x00000000004002e8       0xb0 arch/arm/cpu/armv7/start.o
                0x00000000004002e8                reset
                0x00000000004002ec                save_boot_params_ret
                0x0000000000400328                c_runtime_cpu_setup
                0x0000000000400338                save_boot_params
                0x000000000040033c                cpu_init_cp15
                0x0000000000400390                cpu_init_crit
 *(.text*)
 .text          0x0000000000400398      0x148 arch/arm/cpu/armv7/built-in.o
                0x0000000000400398                __v7_flush_dcache_all
                0x000000000040042c                v7_flush_dcache_all
                0x000000000040043c                __v7_invalidate_dcache_all
                0x00000000004004d0                v7_invalidate_dcache_all
 .text.invalidate_icache_all
                0x00000000004004e0       0x18 arch/arm/cpu/armv7/built-in.o
                0x00000000004004e0                invalidate_icache_all
 .text.v7_outer_cache_enable
                0x00000000004004f8        0x4 arch/arm/cpu/armv7/built-in.o
                0x00000000004004f8                v7_outer_cache_enable
 .text.v7_outer_cache_disable
                0x00000000004004fc        0x4 arch/arm/cpu/armv7/built-in.o
                0x00000000004004fc                v7_outer_cache_disable
 .text.v7_outer_cache_flush_all
                0x0000000000400500        0x4 arch/arm/cpu/armv7/built-in.o
                0x0000000000400500                v7_outer_cache_flush_all
 .text.flush_dcache_all
                0x0000000000400504       0x10 arch/arm/cpu/armv7/built-in.o
                0x0000000000400504                flush_dcache_all
 .text.v7_outer_cache_inval_all
                0x0000000000400514        0x4 arch/arm/cpu/armv7/built-in.o
                0x0000000000400514                v7_outer_cache_inval_all
 .text.invalidate_dcache_all
                0x0000000000400518       0x10 arch/arm/cpu/armv7/built-in.o
                0x0000000000400518                invalidate_dcache_all
 .text.arm_init_before_mmu
                0x0000000000400528       0x28 arch/arm/cpu/armv7/built-in.o
                0x0000000000400528                arm_init_before_mmu
 .text.v7_outer_cache_flush_range
                0x0000000000400550        0x4 arch/arm/cpu/armv7/built-in.o
                0x0000000000400550                v7_outer_cache_flush_range
 .text.flush_dcache_range
                0x0000000000400554       0x54 arch/arm/cpu/armv7/built-in.o
                0x0000000000400554                flush_dcache_range
 .text.mmu_page_table_flush
                0x00000000004005a8       0x24 arch/arm/cpu/armv7/built-in.o
                0x00000000004005a8                mmu_page_table_flush
 .text.cpu_cache_initialization
                0x00000000004005cc        0x4 arch/arm/cpu/armv7/built-in.o
                0x00000000004005cc                cpu_cache_initialization
 .text.cleanup_before_linux_select
                0x00000000004005d0       0x4c arch/arm/cpu/armv7/built-in.o
                0x00000000004005d0                cleanup_before_linux_select
 .text.cleanup_before_linux
                0x000000000040061c        0x8 arch/arm/cpu/armv7/built-in.o
                0x000000000040061c                cleanup_before_linux
 *fill*         0x0000000000400624       0x1c 
 .text          0x0000000000400640      0x528 arch/arm/lib/built-in.o
                0x0000000000400640                _main
                0x00000000004006e0                memset
                0x00000000004007bc                memcpy
 .text.relocate_vectors
                0x0000000000400b68       0x70 arch/arm/lib/built-in.o
                0x0000000000400b68                relocate_vectors
                0x0000000000400b74                relocate_code
 .text.arch_fixup_fdt
                0x0000000000400bd8       0x38 arch/arm/lib/built-in.o
                0x0000000000400bd8                arch_fixup_fdt
 .text.boot_prep_linux
                0x0000000000400c10       0x4c arch/arm/lib/built-in.o
 .text.arch_lmb_reserve
                0x0000000000400c5c       0x24 arch/arm/lib/built-in.o
                0x0000000000400c5c                arch_lmb_reserve
 .text.board_quiesce_devices
                0x0000000000400c80        0x4 arch/arm/lib/built-in.o
                0x0000000000400c80                board_quiesce_devices
 .text.boot_jump_linux
                0x0000000000400c84       0xc8 arch/arm/lib/built-in.o
 .text.do_bootm_linux
                0x0000000000400d4c       0x58 arch/arm/lib/built-in.o
                0x0000000000400d4c                do_bootm_linux
 .text.boot_prep_vxworks
                0x0000000000400da4       0x50 arch/arm/lib/built-in.o
                0x0000000000400da4                boot_prep_vxworks
 .text.boot_jump_vxworks
                0x0000000000400df4        0xc arch/arm/lib/built-in.o
                0x0000000000400df4                boot_jump_vxworks
 .text.bootz_setup
                0x0000000000400e00       0xa0 arch/arm/lib/built-in.o
                0x0000000000400e00                bootz_setup
 .text.arch_reserve_stacks
                0x0000000000400ea0       0x1c arch/arm/lib/built-in.o
                0x0000000000400ea0                arch_reserve_stacks
 .text.interrupt_init
                0x0000000000400ebc       0x1c arch/arm/lib/built-in.o
                0x0000000000400ebc                interrupt_init
 .text.enable_interrupts
                0x0000000000400ed8        0x4 arch/arm/lib/built-in.o
                0x0000000000400ed8                enable_interrupts
 .text.disable_interrupts
                0x0000000000400edc        0x8 arch/arm/lib/built-in.o
                0x0000000000400edc                disable_interrupts
 .text.bad_mode
                0x0000000000400ee4       0x10 arch/arm/lib/built-in.o
                0x0000000000400ee4                bad_mode
 .text.show_regs
                0x0000000000400ef4      0x174 arch/arm/lib/built-in.o
                0x0000000000400ef4                show_regs
 .text.do_undefined_instruction
                0x0000000000401068       0x24 arch/arm/lib/built-in.o
                0x0000000000401068                do_undefined_instruction
 .text.do_software_interrupt
                0x000000000040108c       0x24 arch/arm/lib/built-in.o
                0x000000000040108c                do_software_interrupt
 .text.do_prefetch_abort
                0x00000000004010b0       0x24 arch/arm/lib/built-in.o
                0x00000000004010b0                do_prefetch_abort
 .text.do_data_abort
                0x00000000004010d4       0x24 arch/arm/lib/built-in.o
                0x00000000004010d4                do_data_abort
 .text.do_not_used
                0x00000000004010f8       0x24 arch/arm/lib/built-in.o
                0x00000000004010f8                do_not_used
 .text.do_fiq   0x000000000040111c       0x24 arch/arm/lib/built-in.o
                0x000000000040111c                do_fiq
 .text.do_irq   0x0000000000401140       0x24 arch/arm/lib/built-in.o
                0x0000000000401140                do_irq
 .text.reset_misc
                0x0000000000401164        0x4 arch/arm/lib/built-in.o
                0x0000000000401164                reset_misc
 .text.do_reset
                0x0000000000401168       0x30 arch/arm/lib/built-in.o
                0x0000000000401168                do_reset
 .text.flush_cache
                0x0000000000401198        0x8 arch/arm/lib/built-in.o
                0x0000000000401198                flush_cache
 .text.check_cache_range
                0x00000000004011a0       0x38 arch/arm/lib/built-in.o
                0x00000000004011a0                check_cache_range
 .text.cp_delay
                0x00000000004011d8       0x30 arch/arm/lib/built-in.o
 .text.cache_disable
                0x0000000000401208       0x4c arch/arm/lib/built-in.o
 .text.arm_init_domains
                0x0000000000401254        0x4 arch/arm/lib/built-in.o
                0x0000000000401254                arm_init_domains
 .text.set_section_dcache
                0x0000000000401258       0x14 arch/arm/lib/built-in.o
                0x0000000000401258                set_section_dcache
 .text.mmu_set_region_dcache_behaviour
                0x000000000040126c       0x58 arch/arm/lib/built-in.o
                0x000000000040126c                mmu_set_region_dcache_behaviour
 .text.dram_bank_mmu_setup
                0x00000000004012c4       0x44 arch/arm/lib/built-in.o
                0x00000000004012c4                dram_bank_mmu_setup
 .text.icache_enable
                0x0000000000401308       0x1c arch/arm/lib/built-in.o
                0x0000000000401308                icache_enable
 .text.icache_disable
                0x0000000000401324        0x8 arch/arm/lib/built-in.o
                0x0000000000401324                icache_disable
 .text.icache_status
                0x000000000040132c        0xc arch/arm/lib/built-in.o
                0x000000000040132c                icache_status
 .text.dcache_enable
                0x0000000000401338       0x80 arch/arm/lib/built-in.o
                0x0000000000401338                dcache_enable
 .text.dcache_disable
                0x00000000004013b8        0x8 arch/arm/lib/built-in.o
                0x00000000004013b8                dcache_disable
 .text.dcache_status
                0x00000000004013c0        0xc arch/arm/lib/built-in.o
                0x00000000004013c0                dcache_status
 .text          0x00000000004013cc       0x24 arch/arm/mach-zynq/built-in.o
                0x00000000004013cc                lowlevel_init
 .text.timer_init
                0x00000000004013f0       0x70 arch/arm/mach-zynq/built-in.o
                0x00000000004013f0                timer_init
 .text.get_tbclk
                0x0000000000401460        0x8 arch/arm/mach-zynq/built-in.o
                0x0000000000401460                get_tbclk
 .text.arch_cpu_init
                0x0000000000401468       0x7c arch/arm/mach-zynq/built-in.o
                0x0000000000401468                arch_cpu_init
 .text.reset_cpu
                0x00000000004014e4        0xc arch/arm/mach-zynq/built-in.o
                0x00000000004014e4                reset_cpu
 .text.enable_caches
                0x00000000004014f0        0x4 arch/arm/mach-zynq/built-in.o
                0x00000000004014f0                enable_caches
 .text.zynq_ddrc_init
                0x00000000004014f4       0x5c arch/arm/mach-zynq/built-in.o
                0x00000000004014f4                zynq_ddrc_init
 .text.zynq_slcr_lock
                0x0000000000401550       0x30 arch/arm/mach-zynq/built-in.o
                0x0000000000401550                zynq_slcr_lock
 .text.zynq_slcr_unlock
                0x0000000000401580       0x30 arch/arm/mach-zynq/built-in.o
                0x0000000000401580                zynq_slcr_unlock
 .text.zynq_slcr_cpu_reset
                0x00000000004015b0       0x28 arch/arm/mach-zynq/built-in.o
                0x00000000004015b0                zynq_slcr_cpu_reset
 .text.zynq_slcr_gem_clk_setup
                0x00000000004015d8       0x6c arch/arm/mach-zynq/built-in.o
                0x00000000004015d8                zynq_slcr_gem_clk_setup
 .text.zynq_slcr_devcfg_disable
                0x0000000000401644       0x40 arch/arm/mach-zynq/built-in.o
                0x0000000000401644                zynq_slcr_devcfg_disable
 .text.zynq_slcr_devcfg_enable
                0x0000000000401684       0x2c arch/arm/mach-zynq/built-in.o
                0x0000000000401684                zynq_slcr_devcfg_enable
 .text.zynq_slcr_get_idcode
                0x00000000004016b0       0x14 arch/arm/mach-zynq/built-in.o
                0x00000000004016b0                zynq_slcr_get_idcode
 .text.ddr2x_get_rate
                0x00000000004016c4       0x40 arch/arm/mach-zynq/built-in.o
 .text.ddr3x_get_rate
                0x0000000000401704       0x40 arch/arm/mach-zynq/built-in.o
 .text.zynq_clk_periph_get_rate
                0x0000000000401744       0x7c arch/arm/mach-zynq/built-in.o
 .text.__zynq_clk_pll_get_rate
                0x00000000004017c0       0x24 arch/arm/mach-zynq/built-in.o
 .text.zynq_clk_pll_get_rate
                0x00000000004017e4        0x8 arch/arm/mach-zynq/built-in.o
 .text.zynq_clk_periph_set_rate
                0x00000000004017ec      0x130 arch/arm/mach-zynq/built-in.o
 .text.zynq_clk_register_periph_clk
                0x000000000040191c       0x60 arch/arm/mach-zynq/built-in.o
 .text.zynq_clk_early_init
                0x000000000040197c       0x5c arch/arm/mach-zynq/built-in.o
                0x000000000040197c                zynq_clk_early_init
 .text.get_uart_clk
                0x00000000004019d8       0x54 arch/arm/mach-zynq/built-in.o
                0x00000000004019d8                get_uart_clk
 .text.set_cpu_clk_info
                0x0000000000401a2c      0x60c arch/arm/mach-zynq/built-in.o
                0x0000000000401a2c                set_cpu_clk_info
 .text.zynq_clk_set_rate
                0x0000000000402038       0x38 arch/arm/mach-zynq/built-in.o
                0x0000000000402038                zynq_clk_set_rate
 .text.soc_clk_dump
                0x0000000000402070       0x54 arch/arm/mach-zynq/built-in.o
                0x0000000000402070                soc_clk_dump
 .text.board_init
                0x00000000004020c4      0x14c board/xilinx/zynq/built-in.o
                0x00000000004020c4                board_init
 .text.checkboard
                0x0000000000402210       0x18 board/xilinx/zynq/built-in.o
                0x0000000000402210                checkboard
 .text.zynq_board_read_rom_ethaddr
                0x0000000000402228        0x8 board/xilinx/zynq/built-in.o
                0x0000000000402228                zynq_board_read_rom_ethaddr
 .text.dram_init_banksize
                0x0000000000402230        0x4 board/xilinx/zynq/built-in.o
                0x0000000000402230                dram_init_banksize
 .text.dram_init
                0x0000000000402234       0x20 board/xilinx/zynq/built-in.o
                0x0000000000402234                dram_init
 .text.do_bootm
                0x0000000000402254      0x108 cmd/built-in.o
                0x0000000000402254                do_bootm
 .text.do_bootd
                0x000000000040235c       0x20 cmd/built-in.o
                0x000000000040235c                do_bootd
 .text.image_info
                0x000000000040237c      0x11c cmd/built-in.o
 .text.do_iminfo
                0x0000000000402498       0x5c cmd/built-in.o
 .text.bootm_maybe_autostart
                0x00000000004024f4       0x78 cmd/built-in.o
                0x00000000004024f4                bootm_maybe_autostart
 .text.do_help  0x000000000040256c       0x44 cmd/built-in.o
 .text.do_version
                0x00000000004025b0       0x38 cmd/built-in.o
 .text.source   0x00000000004025e8      0x1bc cmd/built-in.o
                0x00000000004025e8                source
 .text.do_source
                0x00000000004027a4       0x70 cmd/built-in.o
 .text.print_num
                0x0000000000402814       0x14 cmd/built-in.o
 .text.do_bdinfo
                0x0000000000402828      0x11c cmd/built-in.o
 .text.bootefi_open_dp
                0x0000000000402944       0x14 cmd/built-in.o
 .text.do_bootefi_exec
                0x0000000000402958      0x2a0 cmd/built-in.o
 .text.do_bootefi
                0x0000000000402bf8       0x8c cmd/built-in.o
 .text.efi_set_bootdev
                0x0000000000402c84      0x130 cmd/built-in.o
                0x0000000000402c84                efi_set_bootdev
 .text.do_bootz
                0x0000000000402db4       0xfc cmd/built-in.o
                0x0000000000402db4                do_bootz
 .text.parse_argv
                0x0000000000402eb0       0x64 cmd/built-in.o
 .text.do_icache
                0x0000000000402f14       0x88 cmd/built-in.o
 .text.do_dcache
                0x0000000000402f9c       0x88 cmd/built-in.o
 .text.do_clk   0x0000000000403024       0x68 cmd/built-in.o
 .text.do_clk_dump
                0x000000000040308c        0x4 cmd/built-in.o
 .text.do_coninfo
                0x0000000000403090       0xb0 cmd/built-in.o
 .text.delete_param_from_memory
                0x0000000000403140       0xbc cmd/built-in.o
 .text.load_data
                0x00000000004031fc      0x138 cmd/built-in.o
                0x00000000004031fc                load_data
 .text.set_param
                0x0000000000403334      0x3a8 cmd/built-in.o
                0x0000000000403334                set_param
 .text.get_hiSkyID
                0x00000000004036dc       0xc4 cmd/built-in.o
 .text.set_rfSettings
                0x00000000004037a0      0x294 cmd/built-in.o
                0x00000000004037a0                set_rfSettings
 .text.set_wfSettings
                0x0000000000403a34       0x7c cmd/built-in.o
                0x0000000000403a34                set_wfSettings
 .text.write_blobA
                0x0000000000403ab0      0x104 cmd/built-in.o
                0x0000000000403ab0                write_blobA
 .text.set_blobA_param
                0x0000000000403bb4      0x298 cmd/built-in.o
                0x0000000000403bb4                set_blobA_param
 .text.set_macAddr
                0x0000000000403e4c      0x160 cmd/built-in.o
                0x0000000000403e4c                set_macAddr
 .text.set_hiSkyId
                0x0000000000403fac       0x58 cmd/built-in.o
                0x0000000000403fac                set_hiSkyId
 .text.print_param
                0x0000000000404004       0x84 cmd/built-in.o
                0x0000000000404004                print_param
 .text.do_hsconf
                0x0000000000404088      0x430 cmd/built-in.o
 .text.do_echo  0x00000000004044b8       0xb4 cmd/built-in.o
 .text.do_exit  0x000000000040456c       0x48 cmd/built-in.o
 .text.do_fat_size
                0x00000000004045b4       0x18 cmd/built-in.o
                0x00000000004045b4                do_fat_size
 .text.do_fat_fsload
                0x00000000004045cc       0x18 cmd/built-in.o
                0x00000000004045cc                do_fat_fsload
 .text.do_fat_ls
                0x00000000004045e4       0x18 cmd/built-in.o
 .text.do_fat_fsinfo
                0x00000000004045fc       0x8c cmd/built-in.o
 .text.do_fat_fswrite
                0x0000000000404688      0x124 cmd/built-in.o
 .text.fdt_valid
                0x00000000004047ac       0xbc cmd/built-in.o
 .text.is_printable_string
                0x0000000000404868       0x88 cmd/built-in.o
 .text.print_data
                0x00000000004048f0      0x170 cmd/built-in.o
 .text.set_working_fdt_addr
                0x0000000000404a60       0x1c cmd/built-in.o
                0x0000000000404a60                set_working_fdt_addr
 .text.do_fdt   0x0000000000404a7c      0xeb0 cmd/built-in.o
 .text.do_fpga  0x000000000040592c      0x368 cmd/built-in.o
                0x000000000040592c                do_fpga
 .text.do_size_wrapper
                0x0000000000405c94       0x18 cmd/built-in.o
 .text.do_load_wrapper
                0x0000000000405cac       0x64 cmd/built-in.o
 .text.do_save_wrapper
                0x0000000000405d10       0x18 cmd/built-in.o
 .text.do_ls_wrapper
                0x0000000000405d28       0x18 cmd/built-in.o
 .text.do_fstype_wrapper
                0x0000000000405d40        0x4 cmd/built-in.o
 .text.evalexp  0x0000000000405d44       0x78 cmd/built-in.o
 .text.evalstr  0x0000000000405dbc       0x64 cmd/built-in.o
 .text.binary_test
                0x0000000000405e20      0x1c0 cmd/built-in.o
 .text.do_itest
                0x0000000000405fe0       0x88 cmd/built-in.o
 .text.bin_data_init
                0x0000000000406068       0x2c cmd/built-in.o
 .text.k_data_save
                0x0000000000406094       0x4c cmd/built-in.o
 .text.k_data_restore
                0x00000000004060e0       0x4c cmd/built-in.o
 .text.write_record
                0x000000000040612c       0x30 cmd/built-in.o
 .text.do_save_serial
                0x000000000040615c      0x194 cmd/built-in.o
                0x000000000040615c                do_save_serial
 .text.getcxmodem
                0x00000000004062f0       0x20 cmd/built-in.o
 .text.load_serial_ymodem
                0x0000000000406310       0xcc cmd/built-in.o
 .text.bin_data_char
                0x00000000004063dc       0x2c cmd/built-in.o
 .text.chk1.constprop.1
                0x0000000000406408       0x30 cmd/built-in.o
 .text.s1_sendpacket.constprop.2
                0x0000000000406438       0x50 cmd/built-in.o
 .text.load_serial
                0x0000000000406488      0x1e4 cmd/built-in.o
 .text.do_load_serial
                0x000000000040666c       0xdc cmd/built-in.o
 .text.do_load_serial_bin
                0x0000000000406748      0x798 cmd/built-in.o
 .text.do_mem_mw
                0x0000000000406ee0       0xc0 cmd/built-in.o
 .text.do_mem_loop
                0x0000000000406fa0       0xec cmd/built-in.o
 .text.do_mem_md
                0x000000000040708c       0xe8 cmd/built-in.o
 .text.do_mem_cmp
                0x0000000000407174      0x154 cmd/built-in.o
 .text.do_mem_base
                0x00000000004072c8       0x40 cmd/built-in.o
 .text.do_mem_cp
                0x0000000000407308       0xd4 cmd/built-in.o
 .text.do_mem_crc
                0x00000000004073dc       0x48 cmd/built-in.o
 .text.mod_mem.isra.0
                0x0000000000407424      0x170 cmd/built-in.o
 .text.do_mem_mm
                0x0000000000407594        0x8 cmd/built-in.o
 .text.do_mem_nm
                0x000000000040759c        0x8 cmd/built-in.o
 .text.extract_range
                0x00000000004075a4       0xe4 cmd/built-in.o
 .text.do_mii   0x0000000000407688      0x90c cmd/built-in.o
 .text.do_mdio  0x0000000000407f94      0x4e4 cmd/built-in.o
 .text.do_sleep
                0x0000000000408478       0xd0 cmd/built-in.o
 .text.do_mmcops
                0x0000000000408548       0xb8 cmd/built-in.o
 .text.init_mmc_device
                0x0000000000408600       0x50 cmd/built-in.o
 .text.do_mmc_rescan
                0x0000000000408650       0x24 cmd/built-in.o
 .text.do_mmc_hwpartition
                0x0000000000408674      0x510 cmd/built-in.o
 .text.do_mmc_list
                0x0000000000408b84       0x14 cmd/built-in.o
 .text.do_mmc_dev
                0x0000000000408b98      0x134 cmd/built-in.o
 .text.do_mmc_part
                0x0000000000408ccc       0x60 cmd/built-in.o
 .text.do_mmc_erase
                0x0000000000408d2c       0xe8 cmd/built-in.o
 .text.do_mmc_write
                0x0000000000408e14      0x100 cmd/built-in.o
 .text.do_mmc_read
                0x0000000000408f14       0xec cmd/built-in.o
 .text.do_mmcinfo
                0x0000000000409000      0x370 cmd/built-in.o
 .text.do_mmc_setdsr
                0x0000000000409370       0xa8 cmd/built-in.o
 .text.netboot_common
                0x0000000000409418      0x2b4 cmd/built-in.o
 .text.do_bootp
                0x00000000004096cc        0xc cmd/built-in.o
 .text.do_tftpput
                0x00000000004096d8        0xc cmd/built-in.o
                0x00000000004096d8                do_tftpput
 .text.do_tftpb
                0x00000000004096e4       0x40 cmd/built-in.o
                0x00000000004096e4                do_tftpb
 .text.do_ping  0x0000000000409724       0x78 cmd/built-in.o
 .text.bytes_per_second
                0x000000000040979c       0x50 cmd/built-in.o
 .text.do_spi_flash
                0x00000000004097ec      0x884 cmd/built-in.o
 .text.do_spi   0x000000000040a070      0x298 cmd/built-in.o
                0x000000000040a070                do_spi
 .text.do_false
                0x000000000040a308        0x8 cmd/built-in.o
 .text.do_true  0x000000000040a310        0x8 cmd/built-in.o
 .text.do_test  0x000000000040a318      0x32c cmd/built-in.o
 .text.do_imgextract
                0x000000000040a644      0x3ac cmd/built-in.o
 .text.do_env_delete
                0x000000000040a9f0       0x9c cmd/built-in.o
 .text.do_env_exists
                0x000000000040aa8c       0x64 cmd/built-in.o
 .text.do_env_save
                0x000000000040aaf0       0x2c cmd/built-in.o
 .text.do_env   0x000000000040ab1c       0x68 cmd/built-in.o
 .text.env_print
                0x000000000040ab84       0xc4 cmd/built-in.o
 .text.do_env_print
                0x000000000040ac48       0xc4 cmd/built-in.o
 .text.do_env_import
                0x000000000040ad0c      0x288 cmd/built-in.o
 .text.do_env_default
                0x000000000040af94       0x9c cmd/built-in.o
 .text._do_env_set.isra.0
                0x000000000040b030      0x1ac cmd/built-in.o
 .text.do_env_set
                0x000000000040b1dc       0x20 cmd/built-in.o
 .text.get_env_id
                0x000000000040b1fc       0x10 cmd/built-in.o
                0x000000000040b1fc                get_env_id
 .text.setenv   0x000000000040b20c       0x60 cmd/built-in.o
                0x000000000040b20c                setenv
 .text.setenv_ulong
                0x000000000040b26c       0x20 cmd/built-in.o
                0x000000000040b26c                setenv_ulong
 .text.setenv_hex
                0x000000000040b28c       0x34 cmd/built-in.o
                0x000000000040b28c                setenv_hex
 .text.do_env_export
                0x000000000040b2c0      0x250 cmd/built-in.o
 .text.envmatch
                0x000000000040b510       0x64 cmd/built-in.o
                0x000000000040b510                envmatch
 .text.getenv_f
                0x000000000040b574       0xcc cmd/built-in.o
                0x000000000040b574                getenv_f
 .text.getenv   0x000000000040b640       0x78 cmd/built-in.o
                0x000000000040b640                getenv
 .text.getenv_hex
                0x000000000040b6b8       0x3c cmd/built-in.o
                0x000000000040b6b8                getenv_hex
 .text.getenv_ulong
                0x000000000040b6f4       0x30 cmd/built-in.o
                0x000000000040b6f4                getenv_ulong
 .text.do_env_edit.part.2
                0x000000000040b724       0xac cmd/built-in.o
 .text.do_env_edit
                0x000000000040b7d0       0x2c cmd/built-in.o
 .text.board_init_f_alloc_reserve
                0x000000000040b7fc        0xc common/built-in.o
                0x000000000040b7fc                board_init_f_alloc_reserve
 .text.board_init_f_init_reserve
                0x000000000040b808       0x20 common/built-in.o
                0x000000000040b808                board_init_f_init_reserve
 .text.show_boot_progress
                0x000000000040b828        0x8 common/built-in.o
                0x000000000040b828                show_boot_progress
 .text.blink_led_ex
                0x000000000040b830       0x30 common/built-in.o
                0x000000000040b830                blink_led_ex
 .text.main_loop
                0x000000000040b860      0x260 common/built-in.o
                0x000000000040b860                main_loop
 .text.dummy    0x000000000040bac0        0x4 common/built-in.o
 .text.get_version
                0x000000000040bac4        0x8 common/built-in.o
                0x000000000040bac4                get_version
 .text.jumptable_init
                0x000000000040bacc      0x1f8 common/built-in.o
                0x000000000040bacc                jumptable_init
 .text.hash_finish_crc32
                0x000000000040bcc4       0x30 common/built-in.o
 .text.hash_update_crc32
                0x000000000040bcf4       0x24 common/built-in.o
 .text.hash_init_crc32
                0x000000000040bd18       0x24 common/built-in.o
 .text.hash_finish_sha256
                0x000000000040bd3c       0x38 common/built-in.o
 .text.hash_update_sha256
                0x000000000040bd74       0x1c common/built-in.o
 .text.hash_init_sha256
                0x000000000040bd90       0x24 common/built-in.o
 .text.hash_finish_sha1
                0x000000000040bdb4       0x38 common/built-in.o
 .text.hash_update_sha1
                0x000000000040bdec       0x1c common/built-in.o
 .text.hash_init_sha1
                0x000000000040be08       0x24 common/built-in.o
 .text.hash_lookup_algo
                0x000000000040be2c       0x54 common/built-in.o
                0x000000000040be2c                hash_lookup_algo
 .text.hash_command
                0x000000000040be80      0x1bc common/built-in.o
                0x000000000040be80                hash_command
 .text.hex_to_val
                0x000000000040c03c       0x40 common/built-in.o
 .text.md5_check
                0x000000000040c07c      0x264 common/built-in.o
                0x000000000040c07c                md5_check
 .text.do_oscheck
                0x000000000040c2e0       0x9c common/built-in.o
                0x000000000040c2e0                do_oscheck
 .text.b_reset  0x000000000040c37c       0x1c common/built-in.o
 .text.static_get
                0x000000000040c398       0x1c common/built-in.o
 .text.file_peek
                0x000000000040c3b4        0xc common/built-in.o
 .text.mapset   0x000000000040c3c0       0x24 common/built-in.o
 .text.syntax_err
                0x000000000040c3e4        0xc common/built-in.o
 .text.free_pipe_list
                0x000000000040c3f0       0xf0 common/built-in.o
 .text.xmalloc  0x000000000040c4e0       0x20 common/built-in.o
 .text.new_pipe
                0x000000000040c500       0x28 common/built-in.o
 .text.xrealloc
                0x000000000040c528       0x20 common/built-in.o
 .text.done_command
                0x000000000040c548       0x88 common/built-in.o
 .text.done_pipe
                0x000000000040c5d0       0x48 common/built-in.o
 .text.done_word
                0x000000000040c618      0x2d4 common/built-in.o
 .text.do_showvar
                0x000000000040c8ec      0x100 common/built-in.o
 .text.is_assignment
                0x000000000040c9ec       0x5c common/built-in.o
 .text.file_get
                0x000000000040ca48      0x1ec common/built-in.o
 .text.b_addchr
                0x000000000040cc34       0x80 common/built-in.o
 .text.b_addqchr
                0x000000000040ccb4       0x50 common/built-in.o
 .text.static_peek
                0x000000000040cd04        0xc common/built-in.o
 .text.get_local_var
                0x000000000040cd10       0x94 common/built-in.o
                0x000000000040cd10                get_local_var
 .text.set_local_var
                0x000000000040cda4      0x1a8 common/built-in.o
                0x000000000040cda4                set_local_var
 .text.insert_var_value_sub
                0x000000000040cf4c      0x2bc common/built-in.o
 .text.parse_string_outer
                0x000000000040d208       0xe8 common/built-in.o
                0x000000000040d208                parse_string_outer
 .text.run_list_real
                0x000000000040d2f0      0x7a8 common/built-in.o
 .text.parse_stream_outer
                0x000000000040da98      0x6b0 common/built-in.o
 .text.parse_file_outer
                0x000000000040e148       0x44 common/built-in.o
                0x000000000040e148                parse_file_outer
 .text.u_boot_hush_start
                0x000000000040e18c       0x54 common/built-in.o
                0x000000000040e18c                u_boot_hush_start
 .text.bootdelay_process
                0x000000000040e1e0       0xbc common/built-in.o
                0x000000000040e1e0                bootdelay_process
 .text.autoboot_command
                0x000000000040e29c       0xf4 common/built-in.o
                0x000000000040e29c                autoboot_command
 .text.print_cpuinfo
                0x000000000040e390        0x8 common/built-in.o
 .text.setup_mon_len
                0x000000000040e398       0x20 common/built-in.o
 .text.reserve_round_4k
                0x000000000040e3b8       0x18 common/built-in.o
 .text.reserve_mmu
                0x000000000040e3d0       0x38 common/built-in.o
                0x000000000040e3d0                reserve_mmu
 .text.reserve_uboot
                0x000000000040e408       0x30 common/built-in.o
 .text.reserve_malloc
                0x000000000040e438       0x14 common/built-in.o
 .text.reserve_global_data
                0x000000000040e44c       0x1c common/built-in.o
 .text.initf_console_record
                0x000000000040e468        0x8 common/built-in.o
 .text.arch_cpu_init_dm
                0x000000000040e470        0x8 common/built-in.o
                0x000000000040e470                arch_cpu_init_dm
 .text.announce_dram_init
                0x000000000040e478       0x18 common/built-in.o
 .text.init_baud_rate
                0x000000000040e490       0x2c common/built-in.o
 .text.mark_bootstage
                0x000000000040e4bc       0x14 common/built-in.o
 .text.initf_dm
                0x000000000040e4d0        0x8 common/built-in.o
 .text.setup_reloc
                0x000000000040e4d8       0x3c common/built-in.o
 .text.reserve_board
                0x000000000040e514       0x40 common/built-in.o
 .text.reserve_arch
                0x000000000040e554        0x8 common/built-in.o
                0x000000000040e554                reserve_arch
 .text.display_text_info
                0x000000000040e55c        0x8 common/built-in.o
 .text.mach_cpu_init
                0x000000000040e564        0x8 common/built-in.o
                0x000000000040e564                mach_cpu_init
 .text.reserve_trace
                0x000000000040e56c        0x8 common/built-in.o
 .text.setup_machine
                0x000000000040e574        0x8 common/built-in.o
 .text.reserve_fdt
                0x000000000040e57c        0x8 common/built-in.o
 .text.display_new_sp
                0x000000000040e584        0x8 common/built-in.o
 .text.reloc_fdt
                0x000000000040e58c        0x8 common/built-in.o
 .text.coloured_LED_init
                0x000000000040e594        0x4 common/built-in.o
                0x000000000040e594                coloured_LED_init
 .text.red_led_on
                0x000000000040e598        0x4 common/built-in.o
                0x000000000040e598                red_led_on
 .text.board_add_ram_info
                0x000000000040e59c        0x4 common/built-in.o
                0x000000000040e59c                board_add_ram_info
 .text.show_dram_config
                0x000000000040e5a0       0x38 common/built-in.o
 .text.setup_dram_config
                0x000000000040e5d8       0x10 common/built-in.o
 .text.board_get_usable_ram_top
                0x000000000040e5e8        0x8 common/built-in.o
                0x000000000040e5e8                board_get_usable_ram_top
 .text.board_reserve_ram_top
                0x000000000040e5f0        0x4 common/built-in.o
                0x000000000040e5f0                board_reserve_ram_top
 .text.setup_dest_addr
                0x000000000040e5f4       0x44 common/built-in.o
 .text.reserve_stacks
                0x000000000040e638       0x1c common/built-in.o
 .text.board_init_f
                0x000000000040e654       0x28 common/built-in.o
                0x000000000040e654                board_init_f
 .text.bootstage_relocate
                0x000000000040e67c        0x8 common/built-in.o
 .text.initr_reloc
                0x000000000040e684       0x18 common/built-in.o
 .text.power_init_board
                0x000000000040e69c        0x8 common/built-in.o
                0x000000000040e69c                power_init_board
 .text.initr_announce
                0x000000000040e6a4        0x8 common/built-in.o
 .text.run_main_loop
                0x000000000040e6ac        0xc common/built-in.o
 .text.initr_net
                0x000000000040e6b8       0x1c common/built-in.o
 .text.initr_ethaddr
                0x000000000040e6d4       0x20 common/built-in.o
 .text.initr_enable_interrupts
                0x000000000040e6f4       0x10 common/built-in.o
 .text.initr_jumptable
                0x000000000040e704       0x10 common/built-in.o
 .text.initr_env
                0x000000000040e714       0x64 common/built-in.o
 .text.initr_mmc
                0x000000000040e778       0x20 common/built-in.o
 .text.initr_serial
                0x000000000040e798       0x10 common/built-in.o
 .text.initr_bootstage
                0x000000000040e7a8       0x14 common/built-in.o
 .text.initr_dm
                0x000000000040e7bc       0x14 common/built-in.o
 .text.initr_malloc
                0x000000000040e7d0       0x1c common/built-in.o
 .text.initr_reloc_global_data
                0x000000000040e7ec       0x48 common/built-in.o
 .text.initr_caches
                0x000000000040e834       0x10 common/built-in.o
 .text.initr_console_record
                0x000000000040e844        0x8 common/built-in.o
 .text.initr_trace
                0x000000000040e84c        0x8 common/built-in.o
 .text.initr_barrier
                0x000000000040e854        0x8 common/built-in.o
 .text.cpu_secondary_init_r
                0x000000000040e85c        0x4 common/built-in.o
                0x000000000040e85c                cpu_secondary_init_r
 .text.initr_secondary_cpu
                0x000000000040e860       0x10 common/built-in.o
 .text.board_init_r
                0x000000000040e870       0x14 common/built-in.o
                0x000000000040e870                board_init_r
 .text.show_board_info
                0x000000000040e884       0x38 common/built-in.o
                0x000000000040e884                show_board_info
 .text.bootm_find_images
                0x000000000040e8bc      0x100 common/built-in.o
                0x000000000040e8bc                bootm_find_images
 .text.bootm_decomp_image
                0x000000000040e9bc      0x140 common/built-in.o
                0x000000000040e9bc                bootm_decomp_image
 .text.bootm_disable_interrupts
                0x000000000040eafc       0x18 common/built-in.o
                0x000000000040eafc                bootm_disable_interrupts
 .text.do_bootm_states
                0x000000000040eb14      0x898 common/built-in.o
                0x000000000040eb14                do_bootm_states
 .text.copy_args
                0x000000000040f3ac       0x50 common/built-in.o
 .text.do_bootm_rtems
                0x000000000040f3fc       0x70 common/built-in.o
 .text.do_bootm_plan9
                0x000000000040f46c       0xd4 common/built-in.o
 .text.do_bootm_standalone
                0x000000000040f540       0x64 common/built-in.o
 .text.do_bootm_netbsd
                0x000000000040f5a4      0x128 common/built-in.o
 .text.do_bootvx_fdt
                0x000000000040f6cc      0x118 common/built-in.o
                0x000000000040f6cc                do_bootvx_fdt
 .text.do_bootm_vxworks
                0x000000000040f7e4       0x54 common/built-in.o
 .text.arch_preboot_os
                0x000000000040f838        0x4 common/built-in.o
                0x000000000040f838                arch_preboot_os
 .text.boot_selected_os
                0x000000000040f83c       0x58 common/built-in.o
                0x000000000040f83c                boot_selected_os
 .text.bootm_os_get_boot_func
                0x000000000040f894       0x10 common/built-in.o
                0x000000000040f894                bootm_os_get_boot_func
 .text.regex_callback
                0x000000000040f8a4      0x12c common/built-in.o
 .text.env_attr_walk
                0x000000000040f9d0      0x120 common/built-in.o
                0x000000000040f9d0                env_attr_walk
 .text.env_attr_lookup
                0x000000000040faf0       0x7c common/built-in.o
                0x000000000040faf0                env_attr_lookup
 .text.clear_callback
                0x000000000040fb6c       0x10 common/built-in.o
 .text.find_env_callback
                0x000000000040fb7c       0x60 common/built-in.o
 .text.on_callbacks
                0x000000000040fbdc       0x50 common/built-in.o
 .text.set_callback
                0x000000000040fc2c       0x98 common/built-in.o
 .text.env_callback_init
                0x000000000040fcc4       0xc4 common/built-in.o
                0x000000000040fcc4                env_callback_init
 .text.skip_num
                0x000000000040fd88       0x94 common/built-in.o
 .text.clear_flags
                0x000000000040fe1c       0x10 common/built-in.o
 .text.on_flags
                0x000000000040fe2c       0x50 common/built-in.o
 .text.env_flags_parse_vartype
                0x000000000040fe7c       0x50 common/built-in.o
                0x000000000040fe7c                env_flags_parse_vartype
 .text.env_flags_parse_varaccess
                0x000000000040fecc       0x50 common/built-in.o
                0x000000000040fecc                env_flags_parse_varaccess
 .text.set_flags
                0x000000000040ff1c       0xb0 common/built-in.o
 .text.eth_validate_ethaddr_str
                0x000000000040ffcc       0x94 common/built-in.o
                0x000000000040ffcc                eth_validate_ethaddr_str
 .text.env_flags_init
                0x0000000000410060       0xd8 common/built-in.o
                0x0000000000410060                env_flags_init
 .text.env_flags_validate
                0x0000000000410138      0x288 common/built-in.o
                0x0000000000410138                env_flags_validate
 .text.saveenv  0x00000000004103c0       0xd8 common/built-in.o
                0x00000000004103c0                saveenv
 .text.env_relocate_spec
                0x0000000000410498       0xcc common/built-in.o
                0x0000000000410498                env_relocate_spec
 .text.env_init
                0x0000000000410564       0x1c common/built-in.o
                0x0000000000410564                env_init
 .text.of_bus_default_map
                0x0000000000410580       0xdc common/built-in.o
 .text.of_bus_default_count_cells
                0x000000000041065c       0x58 common/built-in.o
                0x000000000041065c                of_bus_default_count_cells
 .text.of_bus_default_translate
                0x00000000004106b4       0xa8 common/built-in.o
 .text.fdt_find_and_setprop
                0x000000000041075c       0x70 common/built-in.o
                0x000000000041075c                fdt_find_and_setprop
 .text.fdt_find_or_add_subnode
                0x00000000004107cc       0x60 common/built-in.o
                0x00000000004107cc                fdt_find_or_add_subnode
 .text.fdt_root
                0x000000000041082c       0x90 common/built-in.o
                0x000000000041082c                fdt_root
 .text.fdt_initrd
                0x00000000004108bc      0x1c8 common/built-in.o
                0x00000000004108bc                fdt_initrd
 .text.fdt_chosen
                0x0000000000410a84       0xa8 common/built-in.o
                0x0000000000410a84                fdt_chosen
 .text.do_fixup_by_path
                0x0000000000410b2c       0x54 common/built-in.o
                0x0000000000410b2c                do_fixup_by_path
 .text.fdt_fixup_memory_banks
                0x0000000000410b80      0x1b0 common/built-in.o
                0x0000000000410b80                fdt_fixup_memory_banks
 .text.fdt_fixup_memory
                0x0000000000410d30       0x20 common/built-in.o
                0x0000000000410d30                fdt_fixup_memory
 .text.fdt_fixup_ethernet
                0x0000000000410d50      0x1a8 common/built-in.o
                0x0000000000410d50                fdt_fixup_ethernet
 .text.fdt_shrink_to_minimum
                0x0000000000410ef8       0xd0 common/built-in.o
                0x0000000000410ef8                fdt_shrink_to_minimum
 .text.fdt_translate_address
                0x0000000000410fc8      0x298 common/built-in.o
                0x0000000000410fc8                fdt_translate_address
 .text.miiphy_get_dev_by_name
                0x0000000000411260       0x58 common/built-in.o
                0x0000000000411260                miiphy_get_dev_by_name
 .text.miiphy_init
                0x00000000004112b8       0x24 common/built-in.o
                0x00000000004112b8                miiphy_init
 .text.mdio_alloc
                0x00000000004112dc       0x30 common/built-in.o
                0x00000000004112dc                mdio_alloc
 .text.mdio_free
                0x000000000041130c        0x4 common/built-in.o
                0x000000000041130c                mdio_free
 .text.mdio_register
                0x0000000000411310       0x88 common/built-in.o
                0x0000000000411310                mdio_register
 .text.mdio_register_seq
                0x0000000000411398       0x34 common/built-in.o
                0x0000000000411398                mdio_register_seq
 .text.mdio_unregister
                0x00000000004113cc       0x3c common/built-in.o
                0x00000000004113cc                mdio_unregister
 .text.mdio_list_devices
                0x0000000000411408       0xb0 common/built-in.o
                0x0000000000411408                mdio_list_devices
 .text.miiphy_set_current_dev
                0x00000000004114b8       0x40 common/built-in.o
                0x00000000004114b8                miiphy_set_current_dev
 .text.miiphy_get_active_dev
                0x00000000004114f8       0x54 common/built-in.o
 .text.mdio_get_current_dev
                0x000000000041154c       0x10 common/built-in.o
                0x000000000041154c                mdio_get_current_dev
 .text.mdio_phydev_for_ethname
                0x000000000041155c       0x8c common/built-in.o
                0x000000000041155c                mdio_phydev_for_ethname
 .text.miiphy_get_current_dev
                0x00000000004115e8       0x18 common/built-in.o
                0x00000000004115e8                miiphy_get_current_dev
 .text.miiphy_read
                0x0000000000411600       0x4c common/built-in.o
                0x0000000000411600                miiphy_read
 .text.miiphy_write
                0x000000000041164c       0x40 common/built-in.o
                0x000000000041164c                miiphy_write
 .text.miiphy_listdev
                0x000000000041168c       0x78 common/built-in.o
                0x000000000041168c                miiphy_listdev
 .text.miiphy_info
                0x0000000000411704       0x88 common/built-in.o
                0x0000000000411704                miiphy_info
 .text.miiphy_is_1000base_x
                0x000000000041178c       0x44 common/built-in.o
                0x000000000041178c                miiphy_is_1000base_x
 .text.miiphy_speed
                0x00000000004117d0      0x11c common/built-in.o
                0x00000000004117d0                miiphy_speed
 .text.miiphy_duplex
                0x00000000004118ec      0x144 common/built-in.o
                0x00000000004118ec                miiphy_duplex
 .text.env_get_char_spec
                0x0000000000411a30        0xc common/built-in.o
                0x0000000000411a30                env_get_char_spec
 .text.env_get_addr
                0x0000000000411a3c       0x20 common/built-in.o
                0x0000000000411a3c                env_get_addr
 .text.env_get_char_memory
                0x0000000000411a5c       0x10 common/built-in.o
                0x0000000000411a5c                env_get_char_memory
 .text.env_get_char
                0x0000000000411a6c       0x30 common/built-in.o
                0x0000000000411a6c                env_get_char
 .text.getenv_yesno
                0x0000000000411a9c       0x3c common/built-in.o
                0x0000000000411a9c                getenv_yesno
 .text.getenv_default
                0x0000000000411ad8       0x30 common/built-in.o
                0x0000000000411ad8                getenv_default
 .text.set_default_env
                0x0000000000411b08       0xcc common/built-in.o
                0x0000000000411b08                set_default_env
 .text.set_default_vars
                0x0000000000411bd4       0x38 common/built-in.o
                0x0000000000411bd4                set_default_vars
 .text.env_import
                0x0000000000411c0c       0xe0 common/built-in.o
                0x0000000000411c0c                env_import
 .text.env_export
                0x0000000000411cec       0xa4 common/built-in.o
                0x0000000000411cec                env_export
 .text.env_relocate
                0x0000000000411d90       0x2c common/built-in.o
                0x0000000000411d90                env_relocate
 .text.console_setfile
                0x0000000000411dbc       0xbc common/built-in.o
 .text.serial_printf
                0x0000000000411e78       0x48 common/built-in.o
                0x0000000000411e78                serial_printf
 .text.putc     0x0000000000411ec0       0x34 common/built-in.o
                0x0000000000411ec0                putc
 .text.puts     0x0000000000411ef4       0x34 common/built-in.o
                0x0000000000411ef4                puts
 .text.fgetc    0x0000000000411f28       0x24 common/built-in.o
                0x0000000000411f28                fgetc
 .text.getc     0x0000000000411f4c       0x24 common/built-in.o
                0x0000000000411f4c                getc
 .text.ftstc    0x0000000000411f70       0x24 common/built-in.o
                0x0000000000411f70                ftstc
 .text.tstc     0x0000000000411f94       0x24 common/built-in.o
                0x0000000000411f94                tstc
 .text.ctrlc    0x0000000000411fb8       0x58 common/built-in.o
                0x0000000000411fb8                ctrlc
 .text.disable_ctrlc
                0x0000000000412010       0x18 common/built-in.o
                0x0000000000412010                disable_ctrlc
 .text.had_ctrlc
                0x0000000000412028       0x10 common/built-in.o
                0x0000000000412028                had_ctrlc
 .text.clear_ctrlc
                0x0000000000412038       0x14 common/built-in.o
                0x0000000000412038                clear_ctrlc
 .text.search_device
                0x000000000041204c       0x28 common/built-in.o
                0x000000000041204c                search_device
 .text.console_assign
                0x0000000000412074       0x40 common/built-in.o
                0x0000000000412074                console_assign
 .text.on_console
                0x00000000004120b4       0xb8 common/built-in.o
 .text.console_init_f
                0x000000000041216c       0x10 common/built-in.o
                0x000000000041216c                console_init_f
 .text.stdio_print_current_devices
                0x000000000041217c       0xb0 common/built-in.o
                0x000000000041217c                stdio_print_current_devices
 .text.console_init_r
                0x000000000041222c      0x17c common/built-in.o
                0x000000000041222c                console_init_r
 .text.sbrk     0x00000000004123a8       0x6c common/built-in.o
                0x00000000004123a8                sbrk
 .text.mem_malloc_init
                0x0000000000412414       0x34 common/built-in.o
                0x0000000000412414                mem_malloc_init
 .text.malloc_trim
                0x0000000000412448       0xd0 common/built-in.o
                0x0000000000412448                malloc_trim
 .text.free     0x0000000000412518      0x240 common/built-in.o
                0x0000000000412518                free
 .text.malloc   0x0000000000412758      0x610 common/built-in.o
                0x0000000000412758                malloc
 .text.calloc   0x0000000000412d68      0x140 common/built-in.o
                0x0000000000412d68                calloc
 .text.realloc  0x0000000000412ea8      0x43c common/built-in.o
                0x0000000000412ea8                realloc
 .text.memalign
                0x00000000004132e4      0x170 common/built-in.o
                0x00000000004132e4                memalign
 .text.initf_malloc
                0x0000000000413454       0x18 common/built-in.o
                0x0000000000413454                initf_malloc
 .text.malloc_simple
                0x000000000041346c       0x30 common/built-in.o
                0x000000000041346c                malloc_simple
 .text.on_loadaddr
                0x000000000041349c       0x40 common/built-in.o
 .text.image_check_hcrc
                0x00000000004134dc       0x4c common/built-in.o
                0x00000000004134dc                image_check_hcrc
 .text.image_check_dcrc
                0x0000000000413528       0x38 common/built-in.o
                0x0000000000413528                image_check_dcrc
 .text.image_multi_count
                0x0000000000413560       0x20 common/built-in.o
                0x0000000000413560                image_multi_count
 .text.image_multi_getimg
                0x0000000000413580       0x80 common/built-in.o
                0x0000000000413580                image_multi_getimg
 .text.getenv_bootm_low
                0x0000000000413600       0x34 common/built-in.o
                0x0000000000413600                getenv_bootm_low
 .text.getenv_bootm_size
                0x0000000000413634       0x68 common/built-in.o
                0x0000000000413634                getenv_bootm_size
 .text.getenv_bootm_mapsize
                0x000000000041369c       0x30 common/built-in.o
                0x000000000041369c                getenv_bootm_mapsize
 .text.memmove_wd
                0x00000000004136cc        0xc common/built-in.o
                0x00000000004136cc                memmove_wd
 .text.genimg_print_size
                0x00000000004136d8       0x30 common/built-in.o
                0x00000000004136d8                genimg_print_size
 .text.get_table_entry
                0x0000000000413708       0x24 common/built-in.o
                0x0000000000413708                get_table_entry
 .text.get_table_entry_name
                0x000000000041372c       0x20 common/built-in.o
                0x000000000041372c                get_table_entry_name
 .text.genimg_get_os_name
                0x000000000041374c       0x18 common/built-in.o
                0x000000000041374c                genimg_get_os_name
 .text.genimg_get_arch_name
                0x0000000000413764       0x18 common/built-in.o
                0x0000000000413764                genimg_get_arch_name
 .text.genimg_get_type_name
                0x000000000041377c       0x18 common/built-in.o
                0x000000000041377c                genimg_get_type_name
 .text.genimg_get_comp_name
                0x0000000000413794       0x18 common/built-in.o
                0x0000000000413794                genimg_get_comp_name
 .text.image_print_contents
                0x00000000004137ac      0x1b0 common/built-in.o
                0x00000000004137ac                image_print_contents
 .text.get_table_entry_id
                0x000000000041395c       0x4c common/built-in.o
                0x000000000041395c                get_table_entry_id
 .text.genimg_get_os_id
                0x00000000004139a8       0x18 common/built-in.o
                0x00000000004139a8                genimg_get_os_id
 .text.genimg_get_arch_id
                0x00000000004139c0       0x18 common/built-in.o
                0x00000000004139c0                genimg_get_arch_id
 .text.genimg_get_type_id
                0x00000000004139d8       0x18 common/built-in.o
                0x00000000004139d8                genimg_get_type_id
 .text.genimg_get_comp_id
                0x00000000004139f0       0x18 common/built-in.o
                0x00000000004139f0                genimg_get_comp_id
 .text.genimg_get_kernel_addr_fit
                0x0000000000413a08       0x70 common/built-in.o
                0x0000000000413a08                genimg_get_kernel_addr_fit
 .text.genimg_get_format
                0x0000000000413a78       0x34 common/built-in.o
                0x0000000000413a78                genimg_get_format
 .text.genimg_get_image
                0x0000000000413aac        0x4 common/built-in.o
                0x0000000000413aac                genimg_get_image
 .text.genimg_has_config
                0x0000000000413ab0       0x10 common/built-in.o
                0x0000000000413ab0                genimg_has_config
 .text.boot_get_ramdisk
                0x0000000000413ac0      0x330 common/built-in.o
                0x0000000000413ac0                boot_get_ramdisk
 .text.boot_ramdisk_high
                0x0000000000413df0      0x130 common/built-in.o
                0x0000000000413df0                boot_ramdisk_high
 .text.boot_get_setup
                0x0000000000413f20        0x4 common/built-in.o
                0x0000000000413f20                boot_get_setup
 .text.boot_get_fpga
                0x0000000000413f24      0x174 common/built-in.o
                0x0000000000413f24                boot_get_fpga
 .text.boot_get_loadable
                0x0000000000414098      0x180 common/built-in.o
                0x0000000000414098                boot_get_loadable
 .text.image_setup_linux
                0x0000000000414218       0x88 common/built-in.o
                0x0000000000414218                image_setup_linux
 .text.fdt_error
                0x00000000004142a0       0x2c common/built-in.o
 .text.boot_fdt_add_mem_rsv_regions
                0x00000000004142cc       0x8c common/built-in.o
                0x00000000004142cc                boot_fdt_add_mem_rsv_regions
 .text.boot_relocate_fdt
                0x0000000000414358      0x194 common/built-in.o
                0x0000000000414358                boot_relocate_fdt
 .text.boot_get_fdt
                0x00000000004144ec      0x3a8 common/built-in.o
                0x00000000004144ec                boot_get_fdt
 .text.ft_verify_fdt
                0x0000000000414894        0x8 common/built-in.o
                0x0000000000414894                ft_verify_fdt
 .text.image_setup_libfdt
                0x000000000041489c      0x110 common/built-in.o
                0x000000000041489c                image_setup_libfdt
 .text.fit_image_get_address
                0x00000000004149ac       0x64 common/built-in.o
 .text.fit_parse_conf
                0x0000000000414a10       0x64 common/built-in.o
                0x0000000000414a10                fit_parse_conf
 .text.fit_parse_subimage
                0x0000000000414a74       0x64 common/built-in.o
                0x0000000000414a74                fit_parse_subimage
 .text.fit_get_desc
                0x0000000000414ad8       0x30 common/built-in.o
                0x0000000000414ad8                fit_get_desc
 .text.fit_image_get_node
                0x0000000000414b08       0x30 common/built-in.o
                0x0000000000414b08                fit_image_get_node
 .text.fit_image_get_os
                0x0000000000414b38       0x3c common/built-in.o
                0x0000000000414b38                fit_image_get_os
 .text.fit_image_get_arch
                0x0000000000414b74       0x3c common/built-in.o
                0x0000000000414b74                fit_image_get_arch
 .text.fit_image_get_type
                0x0000000000414bb0       0x3c common/built-in.o
                0x0000000000414bb0                fit_image_get_type
 .text.fit_image_get_comp
                0x0000000000414bec       0x3c common/built-in.o
                0x0000000000414bec                fit_image_get_comp
 .text.fit_image_get_load
                0x0000000000414c28       0x10 common/built-in.o
                0x0000000000414c28                fit_image_get_load
 .text.fit_image_get_entry
                0x0000000000414c38       0x10 common/built-in.o
                0x0000000000414c38                fit_image_get_entry
 .text.fit_image_get_data
                0x0000000000414c48       0x40 common/built-in.o
                0x0000000000414c48                fit_image_get_data
 .text.fit_image_hash_get_algo
                0x0000000000414c88       0x30 common/built-in.o
                0x0000000000414c88                fit_image_hash_get_algo
 .text.fit_image_hash_get_value
                0x0000000000414cb8       0x40 common/built-in.o
                0x0000000000414cb8                fit_image_hash_get_value
 .text.fit_image_print_data
                0x0000000000414cf8      0x144 common/built-in.o
 .text.fit_image_print
                0x0000000000414e3c      0x34c common/built-in.o
                0x0000000000414e3c                fit_image_print
 .text.fit_get_end
                0x0000000000415188       0x10 common/built-in.o
                0x0000000000415188                fit_get_end
 .text.calculate_hash
                0x0000000000415198       0xf8 common/built-in.o
                0x0000000000415198                calculate_hash
 .text.fit_image_verify
                0x0000000000415290      0x21c common/built-in.o
                0x0000000000415290                fit_image_verify
 .text.fit_all_image_verify
                0x00000000004154ac       0xfc common/built-in.o
                0x00000000004154ac                fit_all_image_verify
 .text.fit_image_check_os
                0x00000000004155a8       0x30 common/built-in.o
                0x00000000004155a8                fit_image_check_os
 .text.fit_image_check_arch
                0x00000000004155d8       0x44 common/built-in.o
                0x00000000004155d8                fit_image_check_arch
 .text.fit_image_check_type
                0x000000000041561c       0x30 common/built-in.o
                0x000000000041561c                fit_image_check_type
 .text.fit_image_check_comp
                0x000000000041564c       0x30 common/built-in.o
                0x000000000041564c                fit_image_check_comp
 .text.fit_check_format
                0x000000000041567c       0x40 common/built-in.o
                0x000000000041567c                fit_check_format
 .text.fit_conf_get_node
                0x00000000004156bc       0x6c common/built-in.o
                0x00000000004156bc                fit_conf_get_node
 .text.fit_conf_get_prop_node
                0x0000000000415728       0x2c common/built-in.o
                0x0000000000415728                fit_conf_get_prop_node
 .text.fit_conf_print
                0x0000000000415754      0x19c common/built-in.o
                0x0000000000415754                fit_conf_print
 .text.fit_print_contents
                0x00000000004158f0      0x204 common/built-in.o
                0x00000000004158f0                fit_print_contents
 .text.fit_get_node_from_config
                0x0000000000415af4       0x40 common/built-in.o
                0x0000000000415af4                fit_get_node_from_config
 .text.fit_image_load
                0x0000000000415b34      0x580 common/built-in.o
                0x0000000000415b34                fit_image_load
 .text.boot_get_setup_fit
                0x00000000004160b4       0x6c common/built-in.o
                0x00000000004160b4                boot_get_setup_fit
 .text.get_effective_memsize
                0x0000000000416120        0x8 common/built-in.o
                0x0000000000416120                get_effective_memsize
 .text.stdio_serial_tstc
                0x0000000000416128        0x4 common/built-in.o
 .text.stdio_serial_getc
                0x000000000041612c        0x4 common/built-in.o
 .text.stdio_serial_puts
                0x0000000000416130        0x8 common/built-in.o
 .text.stdio_serial_putc
                0x0000000000416138        0x8 common/built-in.o
 .text.stdio_get_list
                0x0000000000416140        0xc common/built-in.o
                0x0000000000416140                stdio_get_list
 .text.stdio_get_by_name
                0x000000000041614c       0x4c common/built-in.o
                0x000000000041614c                stdio_get_by_name
 .text.stdio_clone
                0x0000000000416198       0x38 common/built-in.o
                0x0000000000416198                stdio_clone
 .text.stdio_register_dev
                0x00000000004161d0       0x50 common/built-in.o
                0x00000000004161d0                stdio_register_dev
 .text.stdio_register
                0x0000000000416220        0x8 common/built-in.o
                0x0000000000416220                stdio_register
 .text.stdio_init_tables
                0x0000000000416228       0x1c common/built-in.o
                0x0000000000416228                stdio_init_tables
 .text.stdio_add_devices
                0x0000000000416244       0x7c common/built-in.o
                0x0000000000416244                stdio_add_devices
 .text.run_command
                0x00000000004162c0       0x10 common/built-in.o
                0x00000000004162c0                run_command
 .text.run_command_list
                0x00000000004162d0       0x7c common/built-in.o
                0x00000000004162d0                run_command_list
 .text.do_run   0x000000000041634c       0x74 common/built-in.o
                0x000000000041634c                do_run
 .text.cli_process_fdt
                0x00000000004163c0       0x40 common/built-in.o
                0x00000000004163c0                cli_process_fdt
 .text.cli_secure_boot_cmd
                0x0000000000416400       0x78 common/built-in.o
                0x0000000000416400                cli_secure_boot_cmd
 .text.cli_loop
                0x0000000000416478        0xc common/built-in.o
                0x0000000000416478                cli_loop
 .text.cli_init
                0x0000000000416484        0x4 common/built-in.o
                0x0000000000416484                cli_init
 .text.delete_char.part.0
                0x0000000000416488       0xd4 common/built-in.o
 .text.cread_add_char
                0x000000000041655c       0xe8 common/built-in.o
 .text.cli_readline_into_buffer
                0x0000000000416644      0x95c common/built-in.o
                0x0000000000416644                cli_readline_into_buffer
 .text.cli_readline
                0x0000000000416fa0       0x14 common/built-in.o
                0x0000000000416fa0                cli_readline
 .text.find_cmd_tbl
                0x0000000000416fb4       0xa0 common/built-in.o
                0x0000000000416fb4                find_cmd_tbl
 .text.find_cmd
                0x0000000000417054       0x28 common/built-in.o
                0x0000000000417054                find_cmd
 .text.cmd_usage
                0x000000000041707c       0x5c common/built-in.o
                0x000000000041707c                cmd_usage
 .text._do_help
                0x00000000004170d8      0x188 common/built-in.o
                0x00000000004170d8                _do_help
 .text.cmd_get_data_size
                0x0000000000417260       0x50 common/built-in.o
                0x0000000000417260                cmd_get_data_size
 .text.cmd_process
                0x00000000004172b0       0xec common/built-in.o
                0x00000000004172b0                cmd_process
 .text.cmd_process_error
                0x000000000041739c       0x30 common/built-in.o
                0x000000000041739c                cmd_process_error
 .text.hex1_bin
                0x00000000004173cc       0x40 common/built-in.o
 .text.hex2_bin
                0x000000000041740c       0x38 common/built-in.o
 .text.srec_decode
                0x0000000000417444      0x24c common/built-in.o
                0x0000000000417444                srec_decode
 .text.CYGACC_COMM_IF_GETC_TIMEOUT.isra.0
                0x0000000000417690       0x4c common/built-in.o
 .text.xyzModem_flush
                0x00000000004176dc       0x1c common/built-in.o
 .text.xyzModem_get_hdr
                0x00000000004176f8      0x220 common/built-in.o
 .text.xyzModem_stream_open
                0x0000000000417918      0x228 common/built-in.o
                0x0000000000417918                xyzModem_stream_open
 .text.xyzModem_stream_read
                0x0000000000417b40      0x248 common/built-in.o
                0x0000000000417b40                xyzModem_stream_read
 .text.xyzModem_stream_close
                0x0000000000417d88       0x54 common/built-in.o
                0x0000000000417d88                xyzModem_stream_close
 .text.xyzModem_stream_terminate
                0x0000000000417ddc       0x94 common/built-in.o
                0x0000000000417ddc                xyzModem_stream_terminate
 .text.xyzModem_error
                0x0000000000417e70       0x20 common/built-in.o
                0x0000000000417e70                xyzModem_error
 .text.blk_get_dev
                0x0000000000417e90       0x30 disk/built-in.o
                0x0000000000417e90                blk_get_dev
 .text.dev_print
                0x0000000000417ec0      0x218 disk/built-in.o
                0x0000000000417ec0                dev_print
 .text.part_init
                0x00000000004180d8       0x54 disk/built-in.o
                0x00000000004180d8                part_init
 .text.part_print
                0x000000000041812c      0x128 disk/built-in.o
                0x000000000041812c                part_print
 .text.part_get_info
                0x0000000000418254       0x64 disk/built-in.o
                0x0000000000418254                part_get_info
 .text.blk_get_device_by_str
                0x00000000004182b8      0x154 disk/built-in.o
                0x00000000004182b8                blk_get_device_by_str
 .text.blk_get_device_part_str
                0x000000000041840c      0x3e8 disk/built-in.o
                0x000000000041840c                blk_get_device_part_str
 .text.part_set_generic_name
                0x00000000004187f4       0x4c disk/built-in.o
                0x00000000004187f4                part_set_generic_name
 .text.test_block_type
                0x0000000000418840       0x84 disk/built-in.o
 .text.print_partition_extended
                0x00000000004188c4      0x26c disk/built-in.o
 .text.part_print_dos
                0x0000000000418b30       0x34 disk/built-in.o
                0x0000000000418b30                part_print_dos
 .text.part_test_dos
                0x0000000000418b64       0x5c disk/built-in.o
 .text.part_get_info_extended.constprop.1
                0x0000000000418bc0      0x260 disk/built-in.o
 .text.part_get_info_dos
                0x0000000000418e20       0x20 disk/built-in.o
                0x0000000000418e20                part_get_info_dos
 .text.device_bind_common.isra.0
                0x0000000000418e40      0x348 drivers/built-in.o
 .text.alloc_priv
                0x0000000000419188       0x44 drivers/built-in.o
 .text.device_bind_with_driver_data
                0x00000000004191cc       0x24 drivers/built-in.o
                0x00000000004191cc                device_bind_with_driver_data
 .text.device_bind
                0x00000000004191f0       0x28 drivers/built-in.o
                0x00000000004191f0                device_bind
 .text.device_bind_by_name
                0x0000000000419218       0x68 drivers/built-in.o
                0x0000000000419218                device_bind_by_name
 .text.device_probe
                0x0000000000419280      0x21c drivers/built-in.o
                0x0000000000419280                device_probe
 .text.dev_get_platdata
                0x000000000041949c       0x30 drivers/built-in.o
                0x000000000041949c                dev_get_platdata
 .text.dev_get_parent_platdata
                0x00000000004194cc       0x30 drivers/built-in.o
                0x00000000004194cc                dev_get_parent_platdata
 .text.dev_get_uclass_platdata
                0x00000000004194fc       0x30 drivers/built-in.o
                0x00000000004194fc                dev_get_uclass_platdata
 .text.dev_get_priv
                0x000000000041952c       0x30 drivers/built-in.o
                0x000000000041952c                dev_get_priv
 .text.dev_get_uclass_priv
                0x000000000041955c       0x30 drivers/built-in.o
                0x000000000041955c                dev_get_uclass_priv
 .text.dev_get_parent_priv
                0x000000000041958c       0x30 drivers/built-in.o
                0x000000000041958c                dev_get_parent_priv
 .text.device_find_first_child
                0x00000000004195bc       0x1c drivers/built-in.o
                0x00000000004195bc                device_find_first_child
 .text.device_find_next_child
                0x00000000004195d8       0x28 drivers/built-in.o
                0x00000000004195d8                device_find_next_child
 .text.dev_get_parent
                0x0000000000419600        0x8 drivers/built-in.o
                0x0000000000419600                dev_get_parent
 .text.device_get_uclass_id
                0x0000000000419608       0x10 drivers/built-in.o
                0x0000000000419608                device_get_uclass_id
 .text.dev_get_addr_index
                0x0000000000419618       0xac drivers/built-in.o
                0x0000000000419618                dev_get_addr_index
 .text.dev_get_addr
                0x00000000004196c4        0x8 drivers/built-in.o
                0x00000000004196c4                dev_get_addr
 .text.device_set_name_alloced
                0x00000000004196cc       0x10 drivers/built-in.o
                0x00000000004196cc                device_set_name_alloced
 .text.lists_driver_lookup_name
                0x00000000004196dc       0x48 drivers/built-in.o
                0x00000000004196dc                lists_driver_lookup_name
 .text.lists_uclass_lookup
                0x0000000000419724       0x38 drivers/built-in.o
                0x0000000000419724                lists_uclass_lookup
 .text.lists_bind_drivers
                0x000000000041975c       0x8c drivers/built-in.o
                0x000000000041975c                lists_bind_drivers
 .text.device_bind_driver_to_node
                0x00000000004197e8       0x48 drivers/built-in.o
                0x00000000004197e8                device_bind_driver_to_node
 .text.device_bind_driver
                0x0000000000419830       0x18 drivers/built-in.o
                0x0000000000419830                device_bind_driver
 .text.lists_bind_fdt
                0x0000000000419848      0x190 drivers/built-in.o
                0x0000000000419848                lists_bind_fdt
 .text.dm_root  0x00000000004199d8       0x2c drivers/built-in.o
                0x00000000004199d8                dm_root
 .text.dm_get_translation_offset
                0x0000000000419a04       0x14 drivers/built-in.o
                0x0000000000419a04                dm_get_translation_offset
 .text.dm_init  0x0000000000419a18       0x60 drivers/built-in.o
                0x0000000000419a18                dm_init
 .text.dm_scan_platdata
                0x0000000000419a78       0x2c drivers/built-in.o
                0x0000000000419a78                dm_scan_platdata
 .text.dm_scan_fdt_node
                0x0000000000419aa4       0xcc drivers/built-in.o
                0x0000000000419aa4                dm_scan_fdt_node
 .text.dm_scan_fdt_dev
                0x0000000000419b70       0x28 drivers/built-in.o
                0x0000000000419b70                dm_scan_fdt_dev
 .text.dm_scan_fdt
                0x0000000000419b98       0x18 drivers/built-in.o
                0x0000000000419b98                dm_scan_fdt
 .text.dm_scan_other
                0x0000000000419bb0        0x8 drivers/built-in.o
                0x0000000000419bb0                dm_scan_other
 .text.dm_init_and_scan
                0x0000000000419bb8       0x44 drivers/built-in.o
                0x0000000000419bb8                dm_init_and_scan
 .text.uclass_find
                0x0000000000419bfc       0x4c drivers/built-in.o
                0x0000000000419bfc                uclass_find
 .text.uclass_get
                0x0000000000419c48      0x118 drivers/built-in.o
                0x0000000000419c48                uclass_get
 .text.uclass_find_device
                0x0000000000419d60       0x74 drivers/built-in.o
                0x0000000000419d60                uclass_find_device
 .text.uclass_find_first_device
                0x0000000000419dd4       0x3c drivers/built-in.o
                0x0000000000419dd4                uclass_find_first_device
 .text.uclass_find_next_device
                0x0000000000419e10       0x2c drivers/built-in.o
                0x0000000000419e10                uclass_find_next_device
 .text.uclass_find_device_by_seq
                0x0000000000419e3c       0x7c drivers/built-in.o
                0x0000000000419e3c                uclass_find_device_by_seq
 .text.uclass_find_device_by_of_offset
                0x0000000000419eb8       0x68 drivers/built-in.o
                0x0000000000419eb8                uclass_find_device_by_of_offset
 .text.uclass_get_device_tail
                0x0000000000419f20       0x30 drivers/built-in.o
                0x0000000000419f20                uclass_get_device_tail
 .text.uclass_get_device
                0x0000000000419f50       0x30 drivers/built-in.o
                0x0000000000419f50                uclass_get_device
 .text.uclass_get_device_by_seq
                0x0000000000419f80       0x54 drivers/built-in.o
                0x0000000000419f80                uclass_get_device_by_seq
 .text.uclass_get_device_by_of_offset
                0x0000000000419fd4       0x30 drivers/built-in.o
                0x0000000000419fd4                uclass_get_device_by_of_offset
 .text.uclass_first_device
                0x000000000041a004       0x38 drivers/built-in.o
                0x000000000041a004                uclass_first_device
 .text.uclass_next_device
                0x000000000041a03c       0x40 drivers/built-in.o
                0x000000000041a03c                uclass_next_device
 .text.uclass_bind_device
                0x000000000041a07c       0x7c drivers/built-in.o
                0x000000000041a07c                uclass_bind_device
 .text.uclass_unbind_device
                0x000000000041a0f8       0x4c drivers/built-in.o
                0x000000000041a0f8                uclass_unbind_device
 .text.uclass_resolve_seq
                0x000000000041a144       0xb4 drivers/built-in.o
                0x000000000041a144                uclass_resolve_seq
 .text.uclass_pre_probe_device
                0x000000000041a1f8       0x64 drivers/built-in.o
                0x000000000041a1f8                uclass_pre_probe_device
 .text.uclass_post_probe_device
                0x000000000041a25c       0x20 drivers/built-in.o
                0x000000000041a25c                uclass_post_probe_device
 .text.uclass_pre_remove_device
                0x000000000041a27c       0x20 drivers/built-in.o
                0x000000000041a27c                uclass_pre_remove_device
 .text.dm_warn  0x000000000041a29c       0x28 drivers/built-in.o
                0x000000000041a29c                dm_warn
 .text.device_unbind
                0x000000000041a2c4      0x144 drivers/built-in.o
                0x000000000041a2c4                device_unbind
 .text.device_free
                0x000000000041a408       0x90 drivers/built-in.o
                0x000000000041a408                device_free
 .text.device_remove
                0x000000000041a498      0x128 drivers/built-in.o
                0x000000000041a498                device_remove
 .text.simple_bus_post_bind
                0x000000000041a5c0       0x64 drivers/built-in.o
 .text.show_devices
                0x000000000041a624      0x100 drivers/built-in.o
 .text.dm_dump_all
                0x000000000041a724       0x3c drivers/built-in.o
                0x000000000041a724                dm_dump_all
 .text.dm_dump_uclass
                0x000000000041a760       0xec drivers/built-in.o
                0x000000000041a760                dm_dump_uclass
 .text.blk_get_devnum_by_typename
                0x000000000041a84c       0xe8 drivers/built-in.o
                0x000000000041a84c                blk_get_devnum_by_typename
 .text.blk_select_hwpart
                0x000000000041a934       0x30 drivers/built-in.o
                0x000000000041a934                blk_select_hwpart
 .text.blk_dselect_hwpart
                0x000000000041a964        0x8 drivers/built-in.o
                0x000000000041a964                blk_dselect_hwpart
 .text.blk_get_device
                0x000000000041a96c       0x88 drivers/built-in.o
                0x000000000041a96c                blk_get_device
 .text.blk_get_devnum_by_type
                0x000000000041a9f4       0x28 drivers/built-in.o
                0x000000000041a9f4                blk_get_devnum_by_type
 .text.blk_select_hwpart_devnum
                0x000000000041aa1c       0x2c drivers/built-in.o
                0x000000000041aa1c                blk_select_hwpart_devnum
 .text.blk_dread
                0x000000000041aa48       0x30 drivers/built-in.o
                0x000000000041aa48                blk_dread
 .text.blk_dwrite
                0x000000000041aa78       0x30 drivers/built-in.o
                0x000000000041aa78                blk_dwrite
 .text.blk_derase
                0x000000000041aaa8       0x24 drivers/built-in.o
                0x000000000041aaa8                blk_derase
 .text.blk_find_max_devnum
                0x000000000041aacc       0x78 drivers/built-in.o
                0x000000000041aacc                blk_find_max_devnum
 .text.blk_create_device
                0x000000000041ab44       0xb0 drivers/built-in.o
                0x000000000041ab44                blk_create_device
 .text.blk_create_devicef
                0x000000000041abf4       0xa0 drivers/built-in.o
                0x000000000041abf4                blk_create_devicef
 .text.fpga_no_sup
                0x000000000041ac94       0x40 drivers/built-in.o
 .text.fpga_get_desc
                0x000000000041acd4       0x34 drivers/built-in.o
                0x000000000041acd4                fpga_get_desc
 .text.fpga_dev_info
                0x000000000041ad08       0x9c drivers/built-in.o
 .text.fpga_validate
                0x000000000041ada4       0x58 drivers/built-in.o
                0x000000000041ada4                fpga_validate
 .text.fpga_init
                0x000000000041adfc       0x20 drivers/built-in.o
                0x000000000041adfc                fpga_init
 .text.fpga_count
                0x000000000041ae1c       0x10 drivers/built-in.o
                0x000000000041ae1c                fpga_count
 .text.fpga_add
                0x000000000041ae2c       0xac drivers/built-in.o
                0x000000000041ae2c                fpga_add
 .text.fpga_loadbitstream
                0x000000000041aed8      0x208 drivers/built-in.o
                0x000000000041aef0                fpga_loadbitstream
 .text.fpga_fsload
                0x000000000041b0e0       0x60 drivers/built-in.o
                0x000000000041b0e0                fpga_fsload
 .text.fpga_load
                0x000000000041b140       0x90 drivers/built-in.o
                0x000000000041b140                fpga_load
 .text.fpga_dump
                0x000000000041b1d0       0x88 drivers/built-in.o
                0x000000000041b1d0                fpga_dump
 .text.fpga_info
                0x000000000041b258       0x6c drivers/built-in.o
                0x000000000041b258                fpga_info
 .text.load_word
                0x000000000041b2c4       0x48 drivers/built-in.o
 .text.zynq_align_dma_buffer
                0x000000000041b30c       0xc4 drivers/built-in.o
 .text.zynq_dma_transfer.constprop.4
                0x000000000041b3d0       0xac drivers/built-in.o
 .text.zynq_validate_bitstream.isra.3
                0x000000000041b47c      0x284 drivers/built-in.o
 .text.zynq_loadfs
                0x000000000041b700      0x214 drivers/built-in.o
 .text.zynq_load
                0x000000000041b914       0xe4 drivers/built-in.o
 .text.xilinx_validate
                0x000000000041b9f8       0x78 drivers/built-in.o
 .text.xilinx_load
                0x000000000041ba70       0x88 drivers/built-in.o
                0x000000000041ba70                xilinx_load
 .text.xilinx_loadfs
                0x000000000041baf8       0x84 drivers/built-in.o
                0x000000000041baf8                xilinx_loadfs
 .text.xilinx_dump
                0x000000000041bb7c       0x7c drivers/built-in.o
                0x000000000041bb7c                xilinx_dump
 .text.xilinx_info
                0x000000000041bbf8      0x1e8 drivers/built-in.o
                0x000000000041bbf8                xilinx_info
 .text.gpio_to_device
                0x000000000041bde0       0x80 drivers/gpio/built-in.o
 .text.check_reserved
                0x000000000041be60       0x74 drivers/gpio/built-in.o
 .text.gpio_renumber
                0x000000000041bed4       0x84 drivers/gpio/built-in.o
 .text.gpio_pre_remove
                0x000000000041bf58       0x50 drivers/gpio/built-in.o
 .text.gpio_post_probe
                0x000000000041bfa8       0x38 drivers/gpio/built-in.o
 .text.dm_gpio_set_value
                0x000000000041bfe0       0x54 drivers/gpio/built-in.o
                0x000000000041bfe0                dm_gpio_set_value
 .text.gpio_set_value
                0x000000000041c034       0x2c drivers/gpio/built-in.o
                0x000000000041c034                gpio_set_value
 .text.check_gpio
                0x000000000041c060       0x40 drivers/gpio/built-in.o
 .text.zynq_gpio_get_function
                0x000000000041c0a0       0xb0 drivers/gpio/built-in.o
 .text.zynq_gpio_set_value
                0x000000000041c150       0xe0 drivers/gpio/built-in.o
 .text.zynq_gpio_get_value
                0x000000000041c230       0xa8 drivers/gpio/built-in.o
 .text.zynq_gpio_direction_input
                0x000000000041c2d8       0xd0 drivers/gpio/built-in.o
 .text.zynq_gpio_direction_output
                0x000000000041c3a8       0xf0 drivers/gpio/built-in.o
 .text.zynq_gpio_ofdata_to_platdata
                0x000000000041c498       0x24 drivers/gpio/built-in.o
 .text.zynq_gpio_probe
                0x000000000041c4bc       0x90 drivers/gpio/built-in.o
 .text.dm_mmc_set_ios
                0x000000000041c54c       0x20 drivers/mmc/built-in.o
                0x000000000041c54c                dm_mmc_set_ios
 .text.mmc_set_ios
                0x000000000041c56c        0x8 drivers/mmc/built-in.o
                0x000000000041c56c                mmc_set_ios
 .text.dm_mmc_get_wp
                0x000000000041c574       0x20 drivers/mmc/built-in.o
                0x000000000041c574                dm_mmc_get_wp
 .text.mmc_getwp
                0x000000000041c594        0x8 drivers/mmc/built-in.o
                0x000000000041c594                mmc_getwp
 .text.dm_mmc_get_cd
                0x000000000041c59c       0x20 drivers/mmc/built-in.o
                0x000000000041c59c                dm_mmc_get_cd
 .text.mmc_getcd
                0x000000000041c5bc        0x8 drivers/mmc/built-in.o
                0x000000000041c5bc                mmc_getcd
 .text.dm_mmc_set_voltage
                0x000000000041c5c4       0x20 drivers/mmc/built-in.o
                0x000000000041c5c4                dm_mmc_set_voltage
 .text.mmc_set_voltage
                0x000000000041c5e4        0x8 drivers/mmc/built-in.o
                0x000000000041c5e4                mmc_set_voltage
 .text.dm_mmc_set_uhs
                0x000000000041c5ec       0x20 drivers/mmc/built-in.o
                0x000000000041c5ec                dm_mmc_set_uhs
 .text.mmc_switch_uhs
                0x000000000041c60c        0x8 drivers/mmc/built-in.o
                0x000000000041c60c                mmc_switch_uhs
 .text.mmc_get_mmc_dev
                0x000000000041c614       0x24 drivers/mmc/built-in.o
                0x000000000041c614                mmc_get_mmc_dev
 .text.dm_mmc_send_cmd
                0x000000000041c638       0x44 drivers/mmc/built-in.o
                0x000000000041c638                dm_mmc_send_cmd
 .text.mmc_send_cmd
                0x000000000041c67c        0x8 drivers/mmc/built-in.o
                0x000000000041c67c                mmc_send_cmd
 .text.dm_mmc_execute_tuning
                0x000000000041c684       0x44 drivers/mmc/built-in.o
                0x000000000041c684                dm_mmc_execute_tuning
 .text.mmc_execute_tuning
                0x000000000041c6c8        0x8 drivers/mmc/built-in.o
                0x000000000041c6c8                mmc_execute_tuning
 .text.mmc_select_hwpart
                0x000000000041c6d0       0x58 drivers/mmc/built-in.o
 .text.find_mmc_device
                0x000000000041c728       0x4c drivers/mmc/built-in.o
                0x000000000041c728                find_mmc_device
 .text.get_mmc_num
                0x000000000041c774       0x18 drivers/mmc/built-in.o
                0x000000000041c774                get_mmc_num
 .text.mmc_get_blk_desc
                0x000000000041c78c       0x28 drivers/mmc/built-in.o
                0x000000000041c78c                mmc_get_blk_desc
 .text.mmc_do_preinit
                0x000000000041c7b4       0x68 drivers/mmc/built-in.o
                0x000000000041c7b4                mmc_do_preinit
 .text.print_mmc_devices
                0x000000000041c81c       0xe8 drivers/mmc/built-in.o
                0x000000000041c81c                print_mmc_devices
 .text.mmc_bind
                0x000000000041c904       0x88 drivers/mmc/built-in.o
                0x000000000041c904                mmc_bind
 .text.mmc_send_ext_csd
                0x000000000041c98c       0x4c drivers/mmc/built-in.o
 .text.mmc_send_op_cond_iter
                0x000000000041c9d8       0x78 drivers/mmc/built-in.o
 .text.mmc_go_idle
                0x000000000041ca50       0x4c drivers/mmc/built-in.o
 .text.mmc_set_capacity
                0x000000000041ca9c       0xb0 drivers/mmc/built-in.o
 .text.mmc_send_status
                0x000000000041cb4c       0xcc drivers/mmc/built-in.o
                0x000000000041cb4c                mmc_send_status
 .text.mmc_set_blocklen
                0x000000000041cc18       0x40 drivers/mmc/built-in.o
                0x000000000041cc18                mmc_set_blocklen
 .text.mmc_bread
                0x000000000041cc58      0x168 drivers/mmc/built-in.o
                0x000000000041cc58                mmc_bread
 .text.mmc_switch
                0x000000000041cdc0       0x68 drivers/mmc/built-in.o
                0x000000000041cdc0                mmc_switch
 .text.mmc_change_freq
                0x000000000041ce28      0x228 drivers/mmc/built-in.o
 .text.mmc_hwpart_config
                0x000000000041d050      0x434 drivers/mmc/built-in.o
                0x000000000041d050                mmc_hwpart_config
 .text.mmc_set_clock
                0x000000000041d484       0x24 drivers/mmc/built-in.o
                0x000000000041d484                mmc_set_clock
 .text.mmc_switch_part
                0x000000000041d4a8      0x16c drivers/mmc/built-in.o
                0x000000000041d4a8                mmc_switch_part
 .text.mmc_startup
                0x000000000041d614      0xe7c drivers/mmc/built-in.o
 .text.board_mmc_power_init
                0x000000000041e490        0x4 drivers/mmc/built-in.o
                0x000000000041e490                board_mmc_power_init
 .text.mmc_start_init
                0x000000000041e494      0x284 drivers/mmc/built-in.o
                0x000000000041e494                mmc_start_init
 .text.mmc_init
                0x000000000041e718      0x104 drivers/mmc/built-in.o
                0x000000000041e718                mmc_init
 .text.mmc_set_dsr
                0x000000000041e81c        0xc drivers/mmc/built-in.o
                0x000000000041e81c                mmc_set_dsr
 .text.mmc_initialize
                0x000000000041e828       0xd0 drivers/mmc/built-in.o
                0x000000000041e828                mmc_initialize
 .text.arasan_sdhci_ofdata_to_platdata
                0x000000000041e8f8       0xd4 drivers/mmc/built-in.o
 .text.arasan_sdhci_probe
                0x000000000041e9cc       0xa0 drivers/mmc/built-in.o
 .text.arasan_sdhci_bind
                0x000000000041ea6c       0x20 drivers/mmc/built-in.o
 .text.mmc_berase
                0x000000000041ea8c      0x1b8 drivers/mmc/built-in.o
                0x000000000041ea8c                mmc_berase
 .text.mmc_bwrite
                0x000000000041ec44      0x190 drivers/mmc/built-in.o
                0x000000000041ec44                mmc_bwrite
 .text.sdhci_set_uhs
                0x000000000041edd4       0x3c drivers/mmc/built-in.o
 .text.sdhci_set_clock
                0x000000000041ee10      0x1fc drivers/mmc/built-in.o
 .text.sdhci_set_ios
                0x000000000041f00c       0xe0 drivers/mmc/built-in.o
 .text.sdhci_set_voltage
                0x000000000041f0ec      0x100 drivers/mmc/built-in.o
 .text.sdhci_reset.isra.2
                0x000000000041f1ec       0x68 drivers/mmc/built-in.o
 .text.sdhci_send_command
                0x000000000041f254      0x4e4 drivers/mmc/built-in.o
 .text.sdhci_execute_tuning
                0x000000000041f738      0x17c drivers/mmc/built-in.o
 .text.sdhci_probe
                0x000000000041f8b4      0x1c4 drivers/mmc/built-in.o
                0x000000000041f8b4                sdhci_probe
 .text.sdhci_setup_cfg
                0x000000000041fa78      0x20c drivers/mmc/built-in.o
                0x000000000041fa78                sdhci_setup_cfg
 .text.sdhci_bind
                0x000000000041fc84        0x4 drivers/mmc/built-in.o
                0x000000000041fc84                sdhci_bind
 .text.mtd_arg_off