marvell.c:107:12:m88e1xxx_parse_status	24	static
marvell.c:164:12:m88e1011s_startup	8	static
marvell.c:359:12:m88e1118_startup	24	static
marvell.c:86:12:m88e1011s_config	32	static
marvell.c:343:12:m88e1118_config	24	static
marvell.c:374:12:m88e1121_config	24	static
marvell.c:399:12:m88e1145_config	24	static
marvell.c:439:12:m88e1149_config	24	static
marvell.c:455:12:m88e1310_config	24	static
marvell.c:176:12:m88e1111s_config	24	static
marvell.c:425:12:m88e1145_startup	24	static
marvell.c:266:6:m88e1518_phy_writebits	32	static
marvell.c:284:12:m88e1518_config	24	static
marvell.c:324:12:m88e1510_config	24	static
marvell.c:583:5:phy_marvell_init	8	static
